// Jest Snapshot v1, https://goo.gl/fbAQLP

exports[`<Main /> should render the heading 1`] = `
.c0 {
  background-color: #06092b;
  color: #fafafa;
  width: 100%;
  height: 100%;
  text-align: center;
  display: -webkit-box;
  display: -webkit-flex;
  display: -ms-flexbox;
  display: flex;
  -webkit-flex-direction: column;
  -ms-flex-direction: column;
  flex-direction: column;
  -webkit-align-items: center;
  -webkit-box-align: center;
  -ms-flex-align: center;
  align-items: center;
  -webkit-box-pack: center;
  -webkit-justify-content: center;
  -ms-flex-pack: center;
  justify-content: center;
  padding: 3rem;
}

.c1 {
  width: 25rem;
  max-width: 100%;
  margin-bottom: 2rem;
}

.c2 {
  font-size: 2.5rem;
}

.c3 {
  font-size: 2rem;
  font-weight: 400;
}

.c4 {
  width: min(30rem,100%);
  margin-top: 3rem;
}

<main
  class="c0"
>
  <img
    alt="An atom image with Advanced React wrote on the side"
    class="c1"
    src="/images/logo.svg"
  />
  <h1
    class="c2"
  >
    Advanced React Course
  </h1>
  <h2
    class="c3"
  >
    TypeScript, ReactJS, NextJS and Styled Components
  </h2>
  <img
    alt="A developer in front a computer screen"
    class="c4"
    src="/images/hero-illustration.svg"
  />
</main>
`
